// Jest Snapshot v1, https://goo.gl/fbAQLP

exports[`snapshot testing snapshot for App component 1`] = `
<div
  className="sc-bdnxRM dhuGlk"
>
  1:00:20 am
</div>
`;
